private recovery native accounting: fast=103971 audited=103963 conservative_excess=8
private guarded carrier: fixture=0 target_side=0 rollable=1 routed_final=eldritch_exalt
private guard projection: fixture=0 all_positive_entries=145 native_pool_equivalent
private partial fixture=0 anchor=3 original_root_cost=282.224787 positive_entries=145 nodes=102 programs=20 owned=7646
private recovery native accounting: fast=103971 audited=103963 conservative_excess=8
private guarded carrier: fixture=1 target_side=1 rollable=1 routed_final=eldritch_exalt
private guard projection: fixture=1 all_positive_entries=145 native_pool_equivalent
private partial fixture=1 anchor=3 original_root_cost=282.189717985 positive_entries=145 nodes=102 programs=20 owned=7646
private recovery native accounting: fast=103971 audited=103963 conservative_excess=8
private guarded carrier: fixture=2 target_side=0 rollable=1 routed_final=eldritch_exalt
private guard projection: fixture=2 all_positive_entries=145 native_pool_equivalent
private partial fixture=2 anchor=4 original_root_cost=274.525596464 positive_entries=145 nodes=102 programs=20 owned=7646
private recovery native accounting: fast=89081 audited=89073 conservative_excess=8
private guarded carrier: fixture=3 target_side=1 rollable=1 routed_final=eldritch_exalt
private guard projection: fixture=3 all_positive_entries=79 native_pool_equivalent
private partial fixture=3 anchor=4 original_root_cost=274.390726972 positive_entries=79 nodes=90 programs=14 owned=7182
compound blocker native reachability: picks=3,2,5,7 secondary_group10_mod=2 goal_mask=10 ordering_mass=0.00021919330543368763 original_root_mass=0.017031484841614736 rollable_missing_target_mask=0
compound blocker exact carrier key:70636974656d7631,0000000000000001,0000000000000002,0000000000000000,0000000000000000,0000000000000000,0000000000000000,0000000000000000,0000000000000000,0000000000000000,0000000000000000,0000000000000000,0000000000000000,0000000000000002,0000000000000006,0000000000000002,000000000000000d,0000000000000000,0000000000000000,0000000000000000,00000000ffffffff,0000000000000006,0000000000000003,000000000000000c,0000000000000000,0000000000000000,0000000000000000,00000000ffffffff,0000000000000002,0000000000000006,0000000000000005,0000000000000014,0000000000000000,0000000000000000,0000000000000000,00000000ffffffff,0000000000000006,0000000000000007,0000000000000015,0000000000000000,0000000000000000,0000000000000000,00000000ffffffff,0000000000000000,0000000000000000,
private recovery native accounting: fast=123411 audited=123403 conservative_excess=8
private guarded carrier: fixture=4 target_side=0 rollable=0 routed_final=eldritch_chaos
private guard projection: fixture=4 all_positive_entries=105 native_pool_equivalent
private partial fixture=4 anchor=3 original_root_cost=274.559625906 positive_entries=105 nodes=102 programs=20 owned=7646
compound blocker native reachability: picks=3,2,5,7 secondary_group10_mod=2 goal_mask=10 ordering_mass=0.00021919330543368763 original_root_mass=0.017031484841614736 rollable_missing_target_mask=0
compound blocker exact carrier key:70636974656d7631,0000000000000001,0000000000000002,0000000000000000,0000000000000000,0000000000000000,0000000000000000,0000000000000000,0000000000000000,0000000000000000,0000000000000000,0000000000000000,0000000000000000,0000000000000002,0000000000000006,0000000000000005,0000000000000014,0000000000000000,0000000000000000,0000000000000000,00000000ffffffff,0000000000000006,0000000000000007,0000000000000015,0000000000000000,0000000000000000,0000000000000000,00000000ffffffff,0000000000000002,0000000000000006,0000000000000002,000000000000000d,0000000000000000,0000000000000000,0000000000000000,00000000ffffffff,0000000000000006,0000000000000003,000000000000000c,0000000000000000,0000000000000000,0000000000000000,00000000ffffffff,0000000000000000,0000000000000000,
private recovery native accounting: fast=123411 audited=123403 conservative_excess=8
private guarded carrier: fixture=5 target_side=1 rollable=0 routed_final=eldritch_chaos
private guard projection: fixture=5 all_positive_entries=105 native_pool_equivalent
private partial fixture=5 anchor=3 original_root_cost=274.523961891 positive_entries=105 nodes=102 programs=20 owned=7646
compound blocker native reachability: picks=3,2,5,7 secondary_group10_mod=7 goal_mask=10 ordering_mass=0.00018729344839751061 original_root_mass=0.018899252609993832 rollable_missing_target_mask=0
compound blocker exact carrier key:70636974656d7631,0000000000000001,0000000000000002,0000000000000000,0000000000000000,0000000000000000,0000000000000000,0000000000000000,0000000000000000,0000000000000000,0000000000000000,0000000000000000,0000000000000000,0000000000000002,0000000000000006,0000000000000002,000000000000000d,0000000000000000,0000000000000000,0000000000000000,00000000ffffffff,0000000000000006,0000000000000003,000000000000000c,0000000000000000,0000000000000000,0000000000000000,00000000ffffffff,0000000000000002,0000000000000006,0000000000000005,0000000000000014,0000000000000000,0000000000000000,0000000000000000,00000000ffffffff,0000000000000006,0000000000000007,0000000000000015,0000000000000000,0000000000000000,0000000000000000,00000000ffffffff,0000000000000000,0000000000000000,
private recovery native accounting: fast=123107 audited=123099 conservative_excess=8
persistent blocker carrier escape: fixture=6 route=paid_chaos price=100 full_mass=1.0000000000000002
persistent blocker native cut: fixture=6 retained_mod7_blocks_goal0_after_target_clear
private guard projection: fixture=6 all_positive_entries=77 native_pool_equivalent
private partial fixture=6 anchor=3 original_root_cost=1058.41163574 positive_entries=77 nodes=102 programs=20 owned=7646
compound blocker native reachability: picks=3,2,5,7 secondary_group10_mod=7 goal_mask=10 ordering_mass=0.00018729344839751061 original_root_mass=0.018899252609993832 rollable_missing_target_mask=0
compound blocker exact carrier key:70636974656d7631,0000000000000001,0000000000000002,0000000000000000,0000000000000000,0000000000000000,0000000000000000,0000000000000000,0000000000000000,0000000000000000,0000000000000000,0000000000000000,0000000000000000,0000000000000002,0000000000000006,0000000000000005,0000000000000014,0000000000000000,0000000000000000,0000000000000000,00000000ffffffff,0000000000000006,0000000000000007,0000000000000015,0000000000000000,0000000000000000,0000000000000000,00000000ffffffff,0000000000000002,0000000000000006,0000000000000002,000000000000000d,0000000000000000,0000000000000000,0000000000000000,00000000ffffffff,0000000000000006,0000000000000003,000000000000000c,0000000000000000,0000000000000000,0000000000000000,00000000ffffffff,0000000000000000,0000000000000000,
private recovery native accounting: fast=123107 audited=123099 conservative_excess=8
persistent blocker carrier escape: fixture=7 route=paid_chaos price=100 full_mass=1.0000000000000002
persistent blocker native cut: fixture=7 retained_mod7_blocks_goal0_after_target_clear
private guard projection: fixture=7 all_positive_entries=77 native_pool_equivalent
private partial fixture=7 anchor=3 original_root_cost=1058.40531371 positive_entries=77 nodes=102 programs=20 owned=7646
private guarded recovery tests: 5387 checks, 0 failures
